Self-consuming AE loop | 60 generations | 20 epochs each | latent=96 | N=3000 | device=cuda
real_fraction=0.0 (0 = pure synthetic replacement)

================================================================
Generation 0/59  (train on real)
================================================================
  test_recon=0.08681  pixel_std=0.2635  pairwise_l2=10.9267  latent_std=0.0827  (raw pixel_std=0.2635)
================================================================
Generation 1/59  (train on gen0 samples)
================================================================
  test_recon=0.13152  pixel_std=0.2721  pairwise_l2=11.4343  latent_std=0.0441  (raw pixel_std=0.2721)
================================================================
Generation 2/59  (train on gen1 samples)
================================================================
  test_recon=0.14067  pixel_std=0.1882  pairwise_l2=8.9470  latent_std=0.0392  (raw pixel_std=0.1882)
================================================================
Generation 3/59  (train on gen2 samples)
================================================================
  test_recon=0.14317  pixel_std=0.1795  pairwise_l2=8.5877  latent_std=0.0290  (raw pixel_std=0.1795)
================================================================
Generation 4/59  (train on gen3 samples)
================================================================
  test_recon=0.17129  pixel_std=0.1766  pairwise_l2=8.2860  latent_std=0.0318  (raw pixel_std=0.1766)
================================================================
Generation 5/59  (train on gen4 samples)
================================================================
  test_recon=0.15414  pixel_std=0.1745  pairwise_l2=8.0954  latent_std=0.0289  (raw pixel_std=0.1745)
================================================================
Generation 6/59  (train on gen5 samples)
================================================================
  test_recon=0.15109  pixel_std=0.1743  pairwise_l2=8.1380  latent_std=0.0225  (raw pixel_std=0.1743)
================================================================
Generation 7/59  (train on gen6 samples)
================================================================
  test_recon=0.14930  pixel_std=0.1631  pairwise_l2=7.5759  latent_std=0.0225  (raw pixel_std=0.1631)
================================================================
Generation 8/59  (train on gen7 samples)
================================================================
  test_recon=0.17569  pixel_std=0.1078  pairwise_l2=5.9651  latent_std=0.0227  (raw pixel_std=0.1078)
================================================================
Generation 9/59  (train on gen8 samples)
================================================================
  test_recon=0.24823  pixel_std=0.0880  pairwise_l2=5.3332  latent_std=0.0174  (raw pixel_std=0.0880)
================================================================
Generation 10/59  (train on gen9 samples)
================================================================
  test_recon=0.25757  pixel_std=0.0800  pairwise_l2=4.7466  latent_std=0.0147  (raw pixel_std=0.0800)
================================================================
Generation 11/59  (train on gen10 samples)
================================================================
  test_recon=0.24504  pixel_std=0.0825  pairwise_l2=4.8873  latent_std=0.0156  (raw pixel_std=0.0825)
================================================================
Generation 12/59  (train on gen11 samples)
================================================================
  test_recon=0.26631  pixel_std=0.0726  pairwise_l2=4.3287  latent_std=0.0170  (raw pixel_std=0.0726)
================================================================
Generation 13/59  (train on gen12 samples)
================================================================
  test_recon=0.22274  pixel_std=0.0711  pairwise_l2=4.3325  latent_std=0.0214  (raw pixel_std=0.0711)
================================================================
Generation 14/59  (train on gen13 samples)
================================================================
  test_recon=0.26184  pixel_std=0.0653  pairwise_l2=3.9459  latent_std=0.0152  (raw pixel_std=0.0653)
================================================================
Generation 15/59  (train on gen14 samples)
================================================================
  test_recon=0.26042  pixel_std=0.0612  pairwise_l2=3.6456  latent_std=0.0160  (raw pixel_std=0.0612)
================================================================
Generation 16/59  (train on gen15 samples)
================================================================
  test_recon=0.18940  pixel_std=0.0621  pairwise_l2=3.7488  latent_std=0.0160  (raw pixel_std=0.0621)
================================================================
Generation 17/59  (train on gen16 samples)
================================================================
  test_recon=0.18740  pixel_std=0.0611  pairwise_l2=3.6376  latent_std=0.0147  (raw pixel_std=0.0611)
================================================================
Generation 18/59  (train on gen17 samples)
================================================================
  test_recon=0.19528  pixel_std=0.0605  pairwise_l2=3.7187  latent_std=0.0167  (raw pixel_std=0.0605)
================================================================
Generation 19/59  (train on gen18 samples)
================================================================
  test_recon=0.23571  pixel_std=0.0604  pairwise_l2=3.6454  latent_std=0.0188  (raw pixel_std=0.0604)
================================================================
Generation 20/59  (train on gen19 samples)
================================================================
  test_recon=0.18747  pixel_std=0.0561  pairwise_l2=3.4010  latent_std=0.0146  (raw pixel_std=0.0561)
================================================================
Generation 21/59  (train on gen20 samples)
================================================================
  test_recon=0.19357  pixel_std=0.0560  pairwise_l2=3.2096  latent_std=0.0159  (raw pixel_std=0.0560)
================================================================
Generation 22/59  (train on gen21 samples)
================================================================
  test_recon=0.25851  pixel_std=0.0593  pairwise_l2=3.8222  latent_std=0.0199  (raw pixel_std=0.0593)
================================================================
Generation 23/59  (train on gen22 samples)
================================================================
  test_recon=0.25603  pixel_std=0.0572  pairwise_l2=3.5399  latent_std=0.0168  (raw pixel_std=0.0572)
================================================================
Generation 24/59  (train on gen23 samples)
================================================================
  test_recon=0.23129  pixel_std=0.0541  pairwise_l2=3.4824  latent_std=0.0174  (raw pixel_std=0.0541)
================================================================
Generation 25/59  (train on gen24 samples)
================================================================
  test_recon=0.22407  pixel_std=0.0552  pairwise_l2=3.3592  latent_std=0.0169  (raw pixel_std=0.0552)
================================================================
Generation 26/59  (train on gen25 samples)
================================================================
  test_recon=0.19422  pixel_std=0.0550  pairwise_l2=3.6470  latent_std=0.0220  (raw pixel_std=0.0550)
================================================================
Generation 27/59  (train on gen26 samples)
================================================================
  test_recon=0.19394  pixel_std=0.0574  pairwise_l2=3.6054  latent_std=0.0156  (raw pixel_std=0.0574)
================================================================
Generation 28/59  (train on gen27 samples)
================================================================
  test_recon=0.18928  pixel_std=0.0536  pairwise_l2=3.2350  latent_std=0.0157  (raw pixel_std=0.0536)
================================================================
Generation 29/59  (train on gen28 samples)
================================================================
  test_recon=0.25047  pixel_std=0.0548  pairwise_l2=3.3139  latent_std=0.0143  (raw pixel_std=0.0548)
================================================================
Generation 30/59  (train on gen29 samples)
================================================================
  test_recon=0.24409  pixel_std=0.0558  pairwise_l2=3.5502  latent_std=0.0148  (raw pixel_std=0.0558)
================================================================
Generation 31/59  (train on gen30 samples)
================================================================
  test_recon=0.23460  pixel_std=0.0523  pairwise_l2=3.2444  latent_std=0.0136  (raw pixel_std=0.0523)
================================================================
Generation 32/59  (train on gen31 samples)
================================================================
  test_recon=0.19905  pixel_std=0.0453  pairwise_l2=3.0180  latent_std=0.0217  (raw pixel_std=0.0453)
================================================================
Generation 33/59  (train on gen32 samples)
================================================================
  test_recon=0.19040  pixel_std=0.0429  pairwise_l2=2.6542  latent_std=0.0156  (raw pixel_std=0.0429)
================================================================
Generation 34/59  (train on gen33 samples)
================================================================
  test_recon=0.20861  pixel_std=0.0407  pairwise_l2=2.7648  latent_std=0.0264  (raw pixel_std=0.0407)
================================================================
Generation 35/59  (train on gen34 samples)
================================================================
  test_recon=0.20429  pixel_std=0.0427  pairwise_l2=2.8681  latent_std=0.0199  (raw pixel_std=0.0427)
================================================================
Generation 36/59  (train on gen35 samples)
================================================================
  test_recon=0.19768  pixel_std=0.0412  pairwise_l2=2.7848  latent_std=0.0207  (raw pixel_std=0.0412)
================================================================
Generation 37/59  (train on gen36 samples)
================================================================
  test_recon=0.19169  pixel_std=0.0392  pairwise_l2=2.6793  latent_std=0.0176  (raw pixel_std=0.0392)
================================================================
Generation 38/59  (train on gen37 samples)
================================================================
  test_recon=0.19017  pixel_std=0.0381  pairwise_l2=2.5539  latent_std=0.0113  (raw pixel_std=0.0381)
================================================================
Generation 39/59  (train on gen38 samples)
================================================================
  test_recon=0.19117  pixel_std=0.0370  pairwise_l2=2.4536  latent_std=0.0128  (raw pixel_std=0.0370)
================================================================
Generation 40/59  (train on gen39 samples)
================================================================
  test_recon=0.18954  pixel_std=0.0356  pairwise_l2=2.4089  latent_std=0.0132  (raw pixel_std=0.0356)
================================================================
Generation 41/59  (train on gen40 samples)
================================================================
  test_recon=0.18908  pixel_std=0.0332  pairwise_l2=2.1974  latent_std=0.0122  (raw pixel_std=0.0332)
================================================================
Generation 42/59  (train on gen41 samples)
================================================================
  test_recon=0.19163  pixel_std=0.0342  pairwise_l2=2.2551  latent_std=0.0119  (raw pixel_std=0.0342)
================================================================
Generation 43/59  (train on gen42 samples)
================================================================
  test_recon=0.19117  pixel_std=0.0286  pairwise_l2=1.9275  latent_std=0.0135  (raw pixel_std=0.0286)
================================================================
Generation 44/59  (train on gen43 samples)
================================================================
  test_recon=0.21402  pixel_std=0.0288  pairwise_l2=1.9512  latent_std=0.0148  (raw pixel_std=0.0288)
================================================================
Generation 45/59  (train on gen44 samples)
================================================================
  test_recon=0.21374  pixel_std=0.0259  pairwise_l2=1.7533  latent_std=0.0149  (raw pixel_std=0.0259)
================================================================
Generation 46/59  (train on gen45 samples)
================================================================
  test_recon=0.20857  pixel_std=0.0248  pairwise_l2=1.6727  latent_std=0.0131  (raw pixel_std=0.0248)
================================================================
Generation 47/59  (train on gen46 samples)
================================================================
  test_recon=0.21274  pixel_std=0.0238  pairwise_l2=1.6320  latent_std=0.0110  (raw pixel_std=0.0238)
================================================================
Generation 48/59  (train on gen47 samples)
================================================================
  test_recon=0.21074  pixel_std=0.0211  pairwise_l2=1.4449  latent_std=0.0119  (raw pixel_std=0.0211)
================================================================
Generation 49/59  (train on gen48 samples)
================================================================
  test_recon=0.20914  pixel_std=0.0198  pairwise_l2=1.2735  latent_std=0.0125  (raw pixel_std=0.0198)
================================================================
Generation 50/59  (train on gen49 samples)
================================================================
  test_recon=0.20795  pixel_std=0.0033  pairwise_l2=0.2218  latent_std=0.0110  (raw pixel_std=0.0033)
================================================================
Generation 51/59  (train on gen50 samples)
================================================================
  test_recon=0.20545  pixel_std=0.0006  pairwise_l2=0.0366  latent_std=0.0103  (raw pixel_std=0.0006)
================================================================
Generation 52/59  (train on gen51 samples)
================================================================
  test_recon=0.20474  pixel_std=0.0001  pairwise_l2=0.0046  latent_std=0.0100  (raw pixel_std=0.0001)
================================================================
Generation 53/59  (train on gen52 samples)
================================================================
  test_recon=0.20559  pixel_std=0.0001  pairwise_l2=0.0033  latent_std=0.0100  (raw pixel_std=0.0001)
================================================================
Generation 54/59  (train on gen53 samples)
================================================================
  test_recon=0.20584  pixel_std=0.0000  pairwise_l2=0.0027  latent_std=0.0100  (raw pixel_std=0.0000)
================================================================
Generation 55/59  (train on gen54 samples)
================================================================
  test_recon=0.20577  pixel_std=0.0000  pairwise_l2=0.0030  latent_std=0.0100  (raw pixel_std=0.0000)
================================================================
Generation 56/59  (train on gen55 samples)
================================================================
  test_recon=0.20582  pixel_std=0.0000  pairwise_l2=0.0032  latent_std=0.0100  (raw pixel_std=0.0000)
================================================================
Generation 57/59  (train on gen56 samples)
================================================================
  test_recon=0.20593  pixel_std=0.0000  pairwise_l2=0.0034  latent_std=0.0100  (raw pixel_std=0.0000)
================================================================
Generation 58/59  (train on gen57 samples)
================================================================
  test_recon=0.20604  pixel_std=0.0000  pairwise_l2=0.0030  latent_std=0.0100  (raw pixel_std=0.0000)
================================================================
Generation 59/59  (train on gen58 samples)
================================================================
  test_recon=0.20606  pixel_std=0.0000  pairwise_l2=0.0036  latent_std=0.0100  (raw pixel_std=0.0000)

Done. summary.csv / summary.json / collapse.png -> runs\baseline
