Self-consuming AE loop | 60 generations | 20 epochs each | latent=96 | N=3000 | device=cuda
real_fraction=0.0 (0 = pure synthetic replacement)

================================================================
Generation 0/59  (train on real)
================================================================
Froze gen-0 model + 512 anchors for OT correction.
  test_recon=0.08681  pixel_std=0.2099  pairwise_l2=8.5720  latent_std=0.0827  (raw pixel_std=0.2635)
================================================================
Generation 1/59  (train on gen0 samples)
================================================================
  test_recon=0.11719  pixel_std=0.1767  pairwise_l2=7.5554  latent_std=0.0327  (raw pixel_std=0.1998)
================================================================
Generation 2/59  (train on gen1 samples)
================================================================
  test_recon=0.10484  pixel_std=0.1678  pairwise_l2=7.1119  latent_std=0.0300  (raw pixel_std=0.1950)
================================================================
Generation 3/59  (train on gen2 samples)
================================================================
  test_recon=0.26290  pixel_std=0.0541  pairwise_l2=2.3106  latent_std=0.1809  (raw pixel_std=0.0077)
================================================================
Generation 4/59  (train on gen3 samples)
================================================================
  test_recon=0.26676  pixel_std=0.0503  pairwise_l2=2.2171  latent_std=0.2859  (raw pixel_std=0.0017)
================================================================
Generation 5/59  (train on gen4 samples)
================================================================
  test_recon=0.26676  pixel_std=0.0497  pairwise_l2=2.1964  latent_std=0.3862  (raw pixel_std=0.0003)
================================================================
Generation 6/59  (train on gen5 samples)
================================================================
  test_recon=0.26676  pixel_std=0.0500  pairwise_l2=2.2091  latent_std=0.2999  (raw pixel_std=0.0008)
================================================================
Generation 7/59  (train on gen6 samples)
================================================================
  test_recon=0.26676  pixel_std=0.0499  pairwise_l2=2.2038  latent_std=0.2949  (raw pixel_std=0.0020)
================================================================
Generation 8/59  (train on gen7 samples)
================================================================
  test_recon=0.26676  pixel_std=0.0497  pairwise_l2=2.1972  latent_std=0.1915  (raw pixel_std=0.0008)
================================================================
Generation 9/59  (train on gen8 samples)
================================================================
  test_recon=0.26676  pixel_std=0.0498  pairwise_l2=2.2009  latent_std=0.2920  (raw pixel_std=0.0008)
================================================================
Generation 10/59  (train on gen9 samples)
================================================================
  test_recon=0.26676  pixel_std=0.0499  pairwise_l2=2.2045  latent_std=0.3020  (raw pixel_std=0.0007)
================================================================
Generation 11/59  (train on gen10 samples)
================================================================
  test_recon=0.26676  pixel_std=0.0496  pairwise_l2=2.1904  latent_std=0.3971  (raw pixel_std=0.0010)
================================================================
Generation 12/59  (train on gen11 samples)
================================================================
  test_recon=0.26676  pixel_std=0.0499  pairwise_l2=2.1964  latent_std=0.4296  (raw pixel_std=0.0010)
================================================================
Generation 13/59  (train on gen12 samples)
================================================================
  test_recon=0.26676  pixel_std=0.0497  pairwise_l2=2.1989  latent_std=0.2724  (raw pixel_std=0.0005)
================================================================
Generation 14/59  (train on gen13 samples)
================================================================
  test_recon=0.26676  pixel_std=0.0497  pairwise_l2=2.1973  latent_std=0.1985  (raw pixel_std=0.0010)
================================================================
Generation 15/59  (train on gen14 samples)
================================================================
  test_recon=0.26676  pixel_std=0.0504  pairwise_l2=2.2106  latent_std=0.3141  (raw pixel_std=0.0017)
================================================================
Generation 16/59  (train on gen15 samples)
================================================================
  test_recon=0.26676  pixel_std=0.0498  pairwise_l2=2.2028  latent_std=0.3444  (raw pixel_std=0.0023)
================================================================
Generation 17/59  (train on gen16 samples)
================================================================
  test_recon=0.26676  pixel_std=0.0497  pairwise_l2=2.2003  latent_std=0.3255  (raw pixel_std=0.0005)
================================================================
Generation 18/59  (train on gen17 samples)
================================================================
  test_recon=0.26676  pixel_std=0.0497  pairwise_l2=2.1979  latent_std=0.2956  (raw pixel_std=0.0006)
================================================================
Generation 19/59  (train on gen18 samples)
================================================================
  test_recon=0.26676  pixel_std=0.0499  pairwise_l2=2.2048  latent_std=0.3317  (raw pixel_std=0.0007)
================================================================
Generation 20/59  (train on gen19 samples)
================================================================
  test_recon=0.26676  pixel_std=0.0498  pairwise_l2=2.2030  latent_std=0.2725  (raw pixel_std=0.0006)
================================================================
Generation 21/59  (train on gen20 samples)
================================================================
  test_recon=0.26676  pixel_std=0.0497  pairwise_l2=2.1936  latent_std=0.6218  (raw pixel_std=0.0002)
================================================================
Generation 22/59  (train on gen21 samples)
================================================================
  test_recon=0.26676  pixel_std=0.0496  pairwise_l2=2.1967  latent_std=0.5895  (raw pixel_std=0.0007)
================================================================
Generation 23/59  (train on gen22 samples)
================================================================
  test_recon=0.26676  pixel_std=0.0496  pairwise_l2=2.1898  latent_std=0.3731  (raw pixel_std=0.0002)
================================================================
Generation 24/59  (train on gen23 samples)
================================================================
  test_recon=0.26676  pixel_std=0.0497  pairwise_l2=2.1993  latent_std=0.2018  (raw pixel_std=0.0002)
================================================================
Generation 25/59  (train on gen24 samples)
================================================================
  test_recon=0.26676  pixel_std=0.0498  pairwise_l2=2.2024  latent_std=0.2777  (raw pixel_std=0.0007)
================================================================
Generation 26/59  (train on gen25 samples)
================================================================
  test_recon=0.26676  pixel_std=0.0496  pairwise_l2=2.1942  latent_std=0.3033  (raw pixel_std=0.0012)
================================================================
Generation 27/59  (train on gen26 samples)
================================================================
  test_recon=0.26676  pixel_std=0.0496  pairwise_l2=2.1972  latent_std=0.2745  (raw pixel_std=0.0004)
================================================================
Generation 28/59  (train on gen27 samples)
================================================================
  test_recon=0.26676  pixel_std=0.0497  pairwise_l2=2.1934  latent_std=0.3278  (raw pixel_std=0.0008)
================================================================
Generation 29/59  (train on gen28 samples)
================================================================
  test_recon=0.26676  pixel_std=0.0497  pairwise_l2=2.1968  latent_std=0.2615  (raw pixel_std=0.0006)
================================================================
Generation 30/59  (train on gen29 samples)
================================================================
  test_recon=0.26676  pixel_std=0.0498  pairwise_l2=2.2055  latent_std=0.3016  (raw pixel_std=0.0005)
================================================================
Generation 31/59  (train on gen30 samples)
================================================================
  test_recon=0.26676  pixel_std=0.0497  pairwise_l2=2.2016  latent_std=0.3180  (raw pixel_std=0.0012)
================================================================
Generation 32/59  (train on gen31 samples)
================================================================
  test_recon=0.26676  pixel_std=0.0497  pairwise_l2=2.1967  latent_std=0.2260  (raw pixel_std=0.0012)
================================================================
Generation 33/59  (train on gen32 samples)
================================================================
  test_recon=0.26676  pixel_std=0.0498  pairwise_l2=2.1995  latent_std=0.1963  (raw pixel_std=0.0008)
================================================================
Generation 34/59  (train on gen33 samples)
================================================================
  test_recon=0.26676  pixel_std=0.0500  pairwise_l2=2.2050  latent_std=0.3609  (raw pixel_std=0.0021)
================================================================
Generation 35/59  (train on gen34 samples)
================================================================
  test_recon=0.26676  pixel_std=0.0499  pairwise_l2=2.2049  latent_std=0.6849  (raw pixel_std=0.0011)
================================================================
Generation 36/59  (train on gen35 samples)
================================================================
  test_recon=0.26676  pixel_std=0.0497  pairwise_l2=2.1996  latent_std=0.7369  (raw pixel_std=0.0000)
================================================================
Generation 37/59  (train on gen36 samples)
================================================================
  test_recon=0.26676  pixel_std=0.0498  pairwise_l2=2.1982  latent_std=0.2820  (raw pixel_std=0.0006)
================================================================
Generation 38/59  (train on gen37 samples)
================================================================
  test_recon=0.26676  pixel_std=0.0497  pairwise_l2=2.1989  latent_std=0.2418  (raw pixel_std=0.0006)
================================================================
Generation 39/59  (train on gen38 samples)
================================================================
  test_recon=0.26676  pixel_std=0.0497  pairwise_l2=2.2020  latent_std=0.2074  (raw pixel_std=0.0012)
================================================================
Generation 40/59  (train on gen39 samples)
================================================================
  test_recon=0.26676  pixel_std=0.0500  pairwise_l2=2.2034  latent_std=0.2876  (raw pixel_std=0.0013)
================================================================
Generation 41/59  (train on gen40 samples)
================================================================
  test_recon=0.26676  pixel_std=0.0499  pairwise_l2=2.2067  latent_std=0.2257  (raw pixel_std=0.0009)
================================================================
Generation 42/59  (train on gen41 samples)
================================================================
  test_recon=0.26676  pixel_std=0.0496  pairwise_l2=2.1882  latent_std=0.3183  (raw pixel_std=0.0011)
================================================================
Generation 43/59  (train on gen42 samples)
================================================================
  test_recon=0.26676  pixel_std=0.0499  pairwise_l2=2.2036  latent_std=0.1980  (raw pixel_std=0.0009)
================================================================
Generation 44/59  (train on gen43 samples)
================================================================
  test_recon=0.26676  pixel_std=0.0500  pairwise_l2=2.2055  latent_std=0.2619  (raw pixel_std=0.0009)
================================================================
Generation 45/59  (train on gen44 samples)
================================================================
  test_recon=0.26676  pixel_std=0.0497  pairwise_l2=2.1975  latent_std=0.3734  (raw pixel_std=0.0002)
================================================================
Generation 46/59  (train on gen45 samples)
================================================================
  test_recon=0.26676  pixel_std=0.0497  pairwise_l2=2.1975  latent_std=0.2866  (raw pixel_std=0.0011)
================================================================
Generation 47/59  (train on gen46 samples)
================================================================
  test_recon=0.26676  pixel_std=0.0504  pairwise_l2=2.2190  latent_std=0.2919  (raw pixel_std=0.0014)
================================================================
Generation 48/59  (train on gen47 samples)
================================================================
  test_recon=0.26676  pixel_std=0.0496  pairwise_l2=2.1931  latent_std=0.4143  (raw pixel_std=0.0001)
================================================================
Generation 49/59  (train on gen48 samples)
================================================================
  test_recon=0.26676  pixel_std=0.0498  pairwise_l2=2.2022  latent_std=0.3513  (raw pixel_std=0.0002)
================================================================
Generation 50/59  (train on gen49 samples)
================================================================
  test_recon=0.26676  pixel_std=0.0506  pairwise_l2=2.2170  latent_std=0.3621  (raw pixel_std=0.0019)
================================================================
Generation 51/59  (train on gen50 samples)
================================================================
  test_recon=0.26676  pixel_std=0.0496  pairwise_l2=2.1916  latent_std=0.2528  (raw pixel_std=0.0004)
================================================================
Generation 52/59  (train on gen51 samples)
================================================================
  test_recon=0.26676  pixel_std=0.0501  pairwise_l2=2.2135  latent_std=0.2780  (raw pixel_std=0.0010)
================================================================
Generation 53/59  (train on gen52 samples)
================================================================
  test_recon=0.26676  pixel_std=0.0504  pairwise_l2=2.2131  latent_std=0.2802  (raw pixel_std=0.0014)
================================================================
Generation 54/59  (train on gen53 samples)
================================================================
  test_recon=0.26676  pixel_std=0.0502  pairwise_l2=2.2086  latent_std=0.3832  (raw pixel_std=0.0015)
================================================================
Generation 55/59  (train on gen54 samples)
================================================================
  test_recon=0.26676  pixel_std=0.0496  pairwise_l2=2.1933  latent_std=0.3283  (raw pixel_std=0.0001)
================================================================
Generation 56/59  (train on gen55 samples)
================================================================
  test_recon=0.26676  pixel_std=0.0505  pairwise_l2=2.2181  latent_std=0.2141  (raw pixel_std=0.0019)
================================================================
Generation 57/59  (train on gen56 samples)
================================================================
  test_recon=0.26676  pixel_std=0.0499  pairwise_l2=2.2063  latent_std=0.3264  (raw pixel_std=0.0008)
================================================================
Generation 58/59  (train on gen57 samples)
================================================================
  test_recon=0.26676  pixel_std=0.0501  pairwise_l2=2.2044  latent_std=0.6675  (raw pixel_std=0.0012)
================================================================
Generation 59/59  (train on gen58 samples)
================================================================
  test_recon=0.26676  pixel_std=0.0497  pairwise_l2=2.1970  latent_std=0.3009  (raw pixel_std=0.0015)

Done. summary.csv / summary.json / collapse.png -> runs\ot_corrected
